%!Adobe-FontList 1.24
%Locale:0x412

%BeginFont
Handler:DirectoryHandler
FontType:TrueType
FontName:SiKancil
FamilyName:Si Kancil
StyleName:Regular
FullName:Si Kancil
MenuName:Si Kancil
StyleBits:0
WritingScript:Roman
OutlineFileName:E:\fofopaint-source\Font\Si Kancil.ttf
DataFormat:sfntData
hasSVG:no
hasCOLR:no
VariableFontType:NonVariableFont
FileLength:29460
FileModTime:1685686021
WeightClass:400
WidthClass:5
AngleClass:0
NameArray:0,Mac,4,Si Kancil
NameArray:0,Win,1,Si Kancil
%EndFont

%BeginFont
Handler:DirectoryHandler
FontType:Invalid
OutlineFileName:E:\fofopaint-source\Font\캔버스 폰트 사용리스트.txt
FileModTime:1685686021
%EndFont

